mode: set
github.com/vlab-research/trans/forms.go:28.52,33.16 3 0
github.com/vlab-research/trans/forms.go:37.2,38.12 2 0
github.com/vlab-research/trans/forms.go:33.16,36.3 2 0
github.com/vlab-research/trans/forms.go:76.47,78.2 1 0
github.com/vlab-research/trans/forms.go:84.43,86.2 1 0
github.com/vlab-research/trans/forms.go:88.59,91.16 2 1
github.com/vlab-research/trans/forms.go:95.2,96.23 2 1
github.com/vlab-research/trans/forms.go:100.2,101.19 2 1
github.com/vlab-research/trans/forms.go:105.2,105.20 1 1
github.com/vlab-research/trans/forms.go:91.16,93.3 1 0
github.com/vlab-research/trans/forms.go:96.23,98.3 1 1
github.com/vlab-research/trans/forms.go:101.19,103.3 1 0
github.com/vlab-research/trans/forms.go:108.53,112.12 3 1
github.com/vlab-research/trans/forms.go:116.2,117.45 2 1
github.com/vlab-research/trans/forms.go:124.2,127.27 3 1
github.com/vlab-research/trans/forms.go:140.2,140.17 1 1
github.com/vlab-research/trans/forms.go:112.12,114.3 1 1
github.com/vlab-research/trans/forms.go:117.45,119.3 1 1
github.com/vlab-research/trans/forms.go:127.27,128.16 1 1
github.com/vlab-research/trans/forms.go:128.16,130.18 2 1
github.com/vlab-research/trans/forms.go:134.4,134.25 1 1
github.com/vlab-research/trans/forms.go:130.18,132.5 1 1
github.com/vlab-research/trans/forms.go:135.9,137.4 1 1
github.com/vlab-research/trans/forms.go:145.67,149.27 3 1
github.com/vlab-research/trans/forms.go:160.2,160.32 1 1
github.com/vlab-research/trans/forms.go:164.2,166.28 2 1
github.com/vlab-research/trans/forms.go:171.2,171.41 1 1
github.com/vlab-research/trans/forms.go:179.2,179.16 1 1
github.com/vlab-research/trans/forms.go:149.27,151.17 2 1
github.com/vlab-research/trans/forms.go:157.3,157.13 1 1
github.com/vlab-research/trans/forms.go:151.17,156.4 2 0
github.com/vlab-research/trans/forms.go:160.32,162.3 1 1
github.com/vlab-research/trans/forms.go:166.28,169.3 2 1
github.com/vlab-research/trans/forms.go:171.41,173.10 2 1
github.com/vlab-research/trans/forms.go:176.3,176.16 1 1
github.com/vlab-research/trans/forms.go:173.10,175.4 1 1
github.com/vlab-research/trans/forms.go:182.51,184.2 1 0
github.com/vlab-research/trans/forms.go:197.78,199.2 1 0
github.com/vlab-research/trans/forms.go:201.61,203.16 2 0
github.com/vlab-research/trans/forms.go:207.2,208.9 2 0
github.com/vlab-research/trans/forms.go:212.2,213.9 2 0
github.com/vlab-research/trans/forms.go:217.2,217.31 1 0
github.com/vlab-research/trans/forms.go:203.16,205.3 1 0
github.com/vlab-research/trans/forms.go:208.9,210.3 1 0
github.com/vlab-research/trans/forms.go:213.9,215.3 1 0
github.com/vlab-research/trans/forms.go:226.51,230.16 3 0
github.com/vlab-research/trans/forms.go:234.2,235.8 2 0
github.com/vlab-research/trans/forms.go:244.2,244.15 1 0
github.com/vlab-research/trans/forms.go:230.16,232.3 1 0
github.com/vlab-research/trans/forms.go:235.8,237.17 2 0
github.com/vlab-research/trans/forms.go:241.3,241.23 1 0
github.com/vlab-research/trans/forms.go:237.17,239.4 1 0
github.com/vlab-research/trans/trans.go:5.13,7.2 0 0
